// Jest Snapshot v1, https://goo.gl/fbAQLP

exports[`matches the snapshot 1`] = `
<div
  className="card video"
>
  <video
    className="video-player"
    controls={true}
    preload="none"
  />
  <div
    className="card-body"
  />
</div>
`;
